7:32:45 PM [vite] (client) Re-optimizing dependencies because vite config has changed

  VITE v8.2.1  ready in 2032 ms

  ➜  Local:   http://127.0.0.1:5173/
7:36:45 PM [vite] (client) hmr update /src/pages/Login.jsx, /src/pages/Dashboard.jsx, /src/pages/courseManagement/Course.jsx, /src/pages/courseManagement/Branch.jsx, /src/pages/admin-management/AcademicYearManagement.jsx, /src/pages/section-management/SectionManagement.jsx, /src/pages/semester-management/SemesterManagement.jsx, /src/pages/student-management/StudentAdmission/StudentAdmission.jsx, /src/pages/profile/MyProfile.jsx, /src/pages/profile/Settings.jsx, /src/pages/faculty/Faculty.jsx and 9 more
7:36:45 PM [vite] (client) hmr update /src/pages/Login.jsx, /src/pages/Dashboard.jsx, /src/pages/courseManagement/Course.jsx, /src/pages/courseManagement/Branch.jsx, /src/pages/admin-management/AcademicYearManagement.jsx, /src/pages/section-management/SectionManagement.jsx, /src/pages/semester-management/SemesterManagement.jsx, /src/pages/student-management/StudentAdmission/StudentAdmission.jsx, /src/pages/profile/MyProfile.jsx, /src/pages/profile/Settings.jsx, /src/pages/faculty/Faculty.jsx and 9 more
7:36:46 PM [vite] (client) hmr update /src/pages/Login.jsx, /src/pages/Dashboard.jsx, /src/pages/courseManagement/Course.jsx, /src/pages/courseManagement/Branch.jsx, /src/pages/admin-management/AcademicYearManagement.jsx, /src/pages/section-management/SectionManagement.jsx, /src/pages/semester-management/SemesterManagement.jsx, /src/pages/student-management/StudentAdmission/StudentAdmission.jsx, /src/pages/profile/MyProfile.jsx, /src/pages/profile/Settings.jsx, /src/pages/faculty/Faculty.jsx and 9 more
7:36:51 PM [vite] (client) hmr update /src/components/ExportMenu.jsx
7:36:52 PM [vite] (client) hmr update /src/components/ExportMenu.jsx
7:52:20 PM [vite] (client) hmr update /src/pages/Login.jsx, /src/pages/Dashboard.jsx, /src/pages/courseManagement/Course.jsx, /src/pages/courseManagement/Branch.jsx, /src/pages/admin-management/AcademicYearManagement.jsx, /src/pages/section-management/SectionManagement.jsx, /src/pages/semester-management/SemesterManagement.jsx, /src/pages/student-management/StudentAdmission/StudentAdmission.jsx, /src/pages/profile/MyProfile.jsx, /src/pages/profile/Settings.jsx, /src/pages/faculty/Faculty.jsx and 9 more
7:52:20 PM [vite] (client) hmr update /src/pages/Login.jsx, /src/pages/Dashboard.jsx, /src/pages/courseManagement/Course.jsx, /src/pages/courseManagement/Branch.jsx, /src/pages/admin-management/AcademicYearManagement.jsx, /src/pages/section-management/SectionManagement.jsx, /src/pages/semester-management/SemesterManagement.jsx, /src/pages/student-management/StudentAdmission/StudentAdmission.jsx, /src/pages/profile/MyProfile.jsx, /src/pages/profile/Settings.jsx, /src/pages/faculty/Faculty.jsx and 9 more
7:52:21 PM [vite] (client) hmr update /src/pages/Login.jsx, /src/pages/Dashboard.jsx, /src/pages/courseManagement/Course.jsx, /src/pages/courseManagement/Branch.jsx, /src/pages/admin-management/AcademicYearManagement.jsx, /src/pages/section-management/SectionManagement.jsx, /src/pages/semester-management/SemesterManagement.jsx, /src/pages/student-management/StudentAdmission/StudentAdmission.jsx, /src/pages/profile/MyProfile.jsx, /src/pages/profile/Settings.jsx, /src/pages/faculty/Faculty.jsx and 9 more
8:58:16 AM [vite] (client) hmr update /src/App.css
8:58:16 AM [vite] (client) hmr update /src/pages/Login.jsx, /src/pages/Dashboard.jsx, /src/pages/courseManagement/Course.jsx, /src/pages/courseManagement/Branch.jsx, /src/pages/admin-management/AcademicYearManagement.jsx, /src/pages/section-management/SectionManagement.jsx, /src/pages/semester-management/SemesterManagement.jsx, /src/pages/student-management/StudentAdmission/StudentAdmission.jsx, /src/pages/profile/MyProfile.jsx, /src/pages/profile/Settings.jsx, /src/pages/faculty/Faculty.jsx and 9 more
8:58:16 AM [vite] (client) hmr update /src/App.jsx
8:58:17 AM [vite] (client) hmr update /src/pages/Login.jsx, /src/pages/Register.jsx, /src/pages/ForgotPassword.jsx
8:58:17 AM [vite] (client) hmr update /src/context/AcademicContext.jsx
8:58:17 AM [vite] (client) hmr update /src/layouts/DashboardLayout.css
8:58:17 AM [vite] (client) hmr update /src/pages/ForgotPassword.css
8:58:17 AM [vite] (client) hmr update /src/pages/admin-management/AcademicYearManagement.css
8:58:17 AM [vite] (client) hmr update /src/pages/attendance/Attendance.jsx
8:58:17 AM [vite] (client) hmr update /src/pages/courseManagement/Branch.jsx
8:58:17 AM [vite] (client) hmr update /src/components/InfoCard.jsx
8:58:17 AM [vite] (client) hmr update /src/components/RequestDemo.css
8:58:17 AM [vite] (client) hmr update /src/components/RequestDemo.jsx
8:58:17 AM [vite] (client) hmr update /src/pages/faculty/Faculty.jsx
8:58:17 AM [vite] (client) hmr update /src/pages/Login.jsx, /src/pages/Dashboard.jsx, /src/pages/courseManagement/Course.jsx, /src/pages/courseManagement/Branch.jsx, /src/pages/admin-management/AcademicYearManagement.jsx, /src/pages/section-management/SectionManagement.jsx, /src/pages/semester-management/SemesterManagement.jsx, /src/pages/student-management/StudentAdmission/StudentAdmission.jsx, /src/pages/profile/MyProfile.jsx, /src/pages/profile/Settings.jsx, /src/pages/faculty/Faculty.jsx and 9 more
8:58:17 AM [vite] (client) hmr update /src/components/RequestDemo.jsx
8:58:17 AM [vite] (client) hmr update /src/pages/profile/MyProfile.css
8:58:17 AM [vite] (client) page reload src/main.jsx
8:58:17 AM [vite] (client) hmr update /src/pages/results/Results.jsx
8:58:17 AM [vite] (client) hmr update /src/pages/section-management/SectionManagement.css
8:58:17 AM [vite] (client) hmr update /src/pages/semester-management/SemesterManagement.css
8:58:17 AM [vite] (client) hmr update /src/pages/student-management/StudentAdmission/StudentAdmission.css
8:58:17 AM [vite] (client) hmr update /src/pages/student-management/StudentProfile/StudentProfile.css
8:58:17 AM [vite] (client) hmr update /src/pages/student-management/StudentPromotion/StudentPromotion.jsx
8:58:17 AM [vite] (client) hmr update /src/context/AcademicContext.jsx, /src/pages/attendance/Attendance.jsx
8:58:17 AM [vite] (client) hmr update /src/pages/Login.jsx, /src/pages/Register.jsx, /src/pages/ForgotPassword.jsx
8:58:17 AM [vite] (client) hmr update /src/pages/admin-management/DepartmentManagement.jsx, /src/pages/Dashboard.jsx, /src/pages/courseManagement/Course.jsx, /src/pages/admin-management/CollegeInstitutionManagement.jsx, /src/pages/section-management/SectionManagement.jsx, /src/pages/semester-management/SemesterManagement.jsx, /src/pages/admin-management/AddCollege.jsx, /src/pages/student-management/StudentAdmission/StudentAdmission.jsx, /src/pages/profile/MyProfile.jsx, /src/pages/fees/FeeStructure.jsx and 3 more
8:58:17 AM [vite] (client) hmr update /src/context/AcademicContext.jsx
8:58:17 AM [vite] (client) hmr update /src/layouts/DashboardLayout.css
8:58:17 AM [vite] (client) hmr update /src/layouts/DashboardLayout.jsx
8:58:17 AM [vite] (client) hmr update /src/pages/ForgotPassword.css
8:58:17 AM [vite] (client) hmr update /src/pages/ForgotPassword.jsx
8:58:17 AM [vite] (client) hmr update /src/pages/LandingPage.css
8:58:17 AM [vite] (client) hmr update /src/pages/Login.css
8:58:17 AM [vite] (client) hmr update /src/pages/section-management/SectionManagement.jsx, /src/pages/semester-management/SemesterManagement.jsx, /src/pages/student-management/StudentAdmission/StudentAdmission.jsx, /src/pages/fees/FeeStructure.jsx
8:58:17 AM [vite] (client) hmr update /src/pages/admin-management/AcademicYearManagement.css
8:58:17 AM [vite] (client) hmr update /src/pages/admin-management/AcademicYearManagement.jsx
8:58:17 AM [vite] (client) hmr update /src/pages/admin-management/AddCollege.css
8:58:17 AM [vite] (client) hmr update /src/pages/admin-management/AddCollege.jsx
8:58:17 AM [vite] (client) hmr update /src/pages/admin-management/CollegeInstitutionManagement.css
8:58:17 AM [vite] (client) hmr update /src/pages/admin-management/CollegeInstitutionManagement.jsx
8:58:17 AM [vite] (client) hmr update /src/pages/admin-management/DepartmentManagement.css
8:58:17 AM [vite] (client) hmr update /src/pages/admin-management/DepartmentManagement.jsx
8:58:17 AM [vite] (client) hmr update /src/pages/attendance/Attendance.jsx
8:58:17 AM [vite] (client) hmr update /src/pages/courseManagement/Branch.jsx
8:58:17 AM [vite] (client) hmr update /src/pages/courseManagement/Course.css
8:58:17 AM [vite] (client) hmr update /src/pages/courseManagement/Course.jsx
8:58:17 AM [vite] (client) hmr update /src/pages/faculty/Faculty.jsx
8:58:17 AM [vite] (client) hmr update /src/pages/profile/MyProfile.css
8:58:17 AM [vite] (client) hmr update /src/pages/profile/Settings.css
8:58:17 AM [vite] (client) hmr update /src/pages/profile/Settings.jsx
8:58:19 AM [vite] (client) hmr update /src/pages/results/Results.jsx
8:58:19 AM [vite] (client) hmr update /src/pages/section-management/SectionManagement.css
8:58:19 AM [vite] (client) hmr update /src/pages/section-management/SectionManagement.jsx
8:58:19 AM [vite] (client) hmr update /src/pages/semester-management/SemesterManagement.css
8:58:19 AM [vite] (client) hmr update /src/pages/semester-management/SemesterManagement.jsx
8:58:19 AM [vite] (client) hmr update /src/pages/student-management/StudentAdmission/StudentAdmission.css
8:58:19 AM [vite] (client) hmr update /src/pages/student-management/StudentAdmission/StudentAdmission.jsx
8:58:19 AM [vite] (client) hmr update /src/pages/student-management/StudentProfile/StudentProfile.css
8:58:19 AM [vite] (client) hmr update /src/pages/student-management/StudentProfile/StudentProfile.jsx
8:58:19 AM [vite] (client) hmr update /src/pages/student-management/StudentProfile/StudentProfileEdit.jsx
8:58:19 AM [vite] (client) hmr update /src/pages/student-management/StudentPromotion/StudentPromotion.jsx
8:58:19 AM [vite] (client) hmr update /src/context/AcademicContext.jsx, /src/pages/attendance/Attendance.jsx
8:58:19 AM [vite] (client) hmr update /src/pages/student-management/StudentPromotion/StudentPromotion.jsx
8:58:19 AM [vite] (client) hmr update /src/styles/tableActions.css, /src/index.css
8:58:19 AM [vite] (client) hmr update /src/pages/section-management/SectionManagement.jsx, /src/pages/semester-management/SemesterManagement.jsx, /src/pages/student-management/StudentAdmission/StudentAdmission.jsx, /src/pages/fees/FeeStructure.jsx
8:58:19 AM [vite] (client) hmr update /src/components/ExportMenu.jsx
9:46:12 AM [vite] (client) hmr update /src/context/AcademicContext.jsx
9:46:13 AM [vite] (client) hmr update /src/layouts/DashboardLayout.jsx
9:46:14 AM [vite] (client) hmr update /src/styles/erp-theme.css
9:46:14 AM [vite] (client) hmr update /src/context/AcademicContext.jsx
9:46:14 AM [vite] (client) hmr update /src/layouts/DashboardLayout.jsx
9:46:15 AM [vite] (client) hmr update /src/styles/erp-theme.css
9:46:15 AM [vite] (client) hmr update /src/layouts/DashboardLayout.jsx
9:48:18 AM [vite] (client) hmr update /src/context/AcademicContext.jsx
9:48:18 AM [vite] (client) hmr update /src/layouts/DashboardLayout.jsx
9:48:19 AM [vite] (client) hmr update /src/layouts/DashboardLayout.jsx
9:48:21 AM [vite] (client) hmr update /src/layouts/DashboardLayout.jsx
9:51:15 AM [vite] (client) hmr update /src/context/AcademicContext.jsx
9:51:15 AM [vite] (client) hmr update /src/layouts/DashboardLayout.jsx
9:51:15 AM [vite] (client) hmr update /src/styles/erp-theme.css
9:51:15 AM [vite] (client) hmr update /src/context/AcademicContext.jsx
9:51:15 AM [vite] (client) hmr update /src/context/AcademicContext.jsx
9:51:17 AM [vite] (client) hmr update /src/styles/erp-theme.css
9:51:17 AM [vite] (client) hmr update /src/layouts/DashboardLayout.jsx
9:53:09 AM [vite] (client) hmr update /src/styles/erp-theme.css
11:52:23 AM [vite] (client) hmr update /src/styles/erp-theme.css
11:52:28 AM [vite] (client) hmr update /src/layouts/DashboardLayout.jsx
12:02:11 PM [vite] (client) hmr update /src/pages/section-management/SectionManagement.jsx
12:03:23 PM [vite] (client) hmr update /src/pages/section-management/SectionManagement.jsx
12:09:06 PM [vite] (client) hmr update /src/pages/section-management/SectionManagement.jsx
12:09:06 PM [vite] (client) hmr update /src/pages/section-management/SectionManagement.jsx
12:14:07 PM [vite] (client) hmr update /src/components/ExportMenu.jsx
12:14:08 PM [vite] (client) hmr update /src/components/ExportMenu.jsx
12:24:18 PM [vite] (client) page reload src/main.jsx
12:24:18 PM [vite] (client) page reload src/main.jsx
12:25:46 PM [vite] (client) hmr update /src/pages/ForgotPassword.jsx
12:25:46 PM [vite] (client) hmr update /src/pages/ForgotPassword.jsx
12:25:46 PM [vite] (client) hmr update /src/pages/Login.jsx
12:25:46 PM [vite] (client) hmr update /src/pages/Register.jsx
12:25:46 PM [vite] (client) hmr update /src/pages/admin-management/AcademicYearManagement.jsx
12:25:46 PM [vite] (client) hmr update /src/pages/attendance/Attendance.jsx
12:25:46 PM [vite] (client) hmr update /src/pages/courseManagement/Branch.jsx
12:25:46 PM [vite] (client) hmr update /src/pages/faculty/Faculty.jsx
12:25:46 PM [vite] (client) hmr update /src/pages/fees/FeeStructure.jsx
12:25:46 PM [vite] (client) hmr update /src/pages/profile/MyProfile.jsx
12:25:46 PM [vite] (client) hmr update /src/pages/results/Results.jsx
12:25:46 PM [vite] (client) hmr update /src/pages/section-management/SectionManagement.jsx
12:25:46 PM [vite] (client) hmr update /src/pages/admin-management/AcademicYearManagement.jsx
12:25:46 PM [vite] (client) hmr update /src/pages/admin-management/AddCollege.jsx
12:25:46 PM [vite] (client) hmr update /src/pages/admin-management/CollegeInstitutionManagement.jsx
12:25:46 PM [vite] (client) hmr update /src/pages/admin-management/DepartmentManagement.jsx
12:25:46 PM [vite] (client) hmr update /src/pages/attendance/Attendance.jsx
12:25:46 PM [vite] (client) hmr update /src/pages/semester-management/SemesterManagement.jsx
12:25:46 PM [vite] (client) hmr update /src/pages/courseManagement/Branch.jsx
12:25:46 PM [vite] (client) hmr update /src/pages/courseManagement/Course.jsx
12:25:46 PM [vite] (client) hmr update /src/pages/student-management/StudentAdmission/StudentAdmission.jsx
12:25:46 PM [vite] (client) hmr update /src/pages/student-management/StudentPromotion/StudentPromotion.jsx
12:25:46 PM [vite] (client) hmr update /src/pages/student-management/StudentProfile/StudentProfile.jsx
12:25:46 PM [vite] (client) hmr update /src/pages/faculty/Faculty.jsx
12:25:46 PM [vite] (client) hmr update /src/layouts/DashboardLayout.jsx
12:25:46 PM [vite] (client) hmr update /src/pages/fees/FeeStructure.jsx
12:25:46 PM [vite] (client) hmr update /src/pages/profile/MyProfile.jsx
12:25:46 PM [vite] (client) hmr update /src/pages/profile/Settings.jsx
12:25:46 PM [vite] (client) hmr update /src/pages/results/Results.jsx
12:25:46 PM [vite] (client) hmr update /src/pages/section-management/SectionManagement.jsx
12:25:46 PM [vite] (client) hmr update /src/pages/semester-management/SemesterManagement.jsx
12:25:46 PM [vite] (client) hmr update /src/pages/student-management/StudentAdmission/StudentAdmission.jsx
12:25:46 PM [vite] (client) hmr update /src/pages/student-management/StudentProfile/StudentProfile.jsx
12:25:46 PM [vite] (client) hmr update /src/pages/student-management/StudentProfile/StudentProfileEdit.jsx
12:25:46 PM [vite] (client) hmr update /src/pages/student-management/StudentPromotion/StudentPromotion.jsx
12:25:46 PM [vite] (client) hmr update /src/pages/attendance/Attendance.jsx
12:25:46 PM [vite] (client) hmr update /src/pages/results/Results.jsx
12:25:46 PM [vite] (client) hmr update /src/pages/attendance/Attendance.jsx
12:25:46 PM [vite] (client) hmr update /src/pages/faculty/Faculty.jsx
12:25:46 PM [vite] (client) hmr update /src/pages/fees/FeeStructure.jsx
12:25:46 PM [vite] (client) hmr update /src/pages/student-management/StudentAdmission/StudentAdmission.jsx
12:25:51 PM [vite] (client) hmr update /src/pages/student-management/StudentProfile/StudentProfileEdit.jsx
12:25:51 PM [vite] (client) hmr update /src/pages/admin-management/AddCollege.jsx
12:25:51 PM [vite] (client) hmr update /src/pages/semester-management/SemesterManagement.jsx
12:25:52 PM [vite] (client) hmr update /src/pages/admin-management/CollegeInstitutionManagement.jsx
12:25:52 PM [vite] (client) hmr update /src/pages/admin-management/DepartmentManagement.jsx
12:25:52 PM [vite] (client) hmr update /src/pages/courseManagement/Course.jsx
12:25:52 PM [vite] (client) hmr update /src/pages/fees/FeeStructure.jsx
12:25:52 PM [vite] (client) hmr update /src/pages/profile/MyProfile.jsx
12:25:52 PM [vite] (client) hmr update /src/pages/profile/Settings.jsx
12:25:53 PM [vite] (client) hmr update /src/pages/section-management/SectionManagement.jsx
12:25:53 PM [vite] (client) hmr update /src/pages/student-management/StudentProfile/StudentProfile.jsx
12:25:53 PM [vite] (client) hmr update /src/pages/results/Results.jsx
12:25:53 PM [vite] (client) hmr update /src/pages/student-management/StudentPromotion/StudentPromotion.jsx
12:25:53 PM [vite] (client) hmr update /src/pages/student-management/StudentAdmission/StudentAdmission.jsx
12:27:45 PM [vite] (client) hmr update /src/components/ExportMenu.jsx
12:27:45 PM [vite] (client) hmr update /src/pages/admin-management/AcademicYearManagement.jsx
12:27:45 PM [vite] (client) hmr update /src/pages/admin-management/AcademicYearManagement.jsx
12:27:45 PM [vite] (client) hmr update /src/pages/admin-management/AddCollege.jsx
12:27:46 PM [vite] (client) hmr update /src/pages/admin-management/AddCollege.jsx
12:27:46 PM [vite] (client) hmr update /src/pages/admin-management/CollegeInstitutionManagement.jsx
12:27:46 PM [vite] (client) hmr update /src/pages/admin-management/CollegeInstitutionManagement.jsx
12:27:46 PM [vite] (client) hmr update /src/pages/admin-management/DepartmentManagement.jsx
12:27:46 PM [vite] (client) hmr update /src/pages/courseManagement/Branch.jsx
12:27:46 PM [vite] (client) hmr update /src/pages/courseManagement/Course.jsx
12:27:46 PM [vite] (client) hmr update /src/pages/semester-management/SemesterManagement.jsx
12:27:46 PM [vite] (client) hmr update /src/pages/student-management/StudentProfile/StudentProfile.jsx
12:27:46 PM [vite] (client) hmr update /src/pages/Login.jsx
12:27:46 PM [vite] (client) hmr update /src/pages/Login.jsx
12:27:46 PM [vite] (client) hmr update /src/pages/Register.jsx
12:27:46 PM [vite] (client) hmr update /src/pages/ForgotPassword.jsx
12:27:46 PM [vite] (client) hmr update /src/pages/attendance/Attendance.jsx
12:27:46 PM [vite] (client) hmr update /src/pages/results/Results.jsx
12:27:46 PM [vite] (client) hmr update /src/pages/faculty/Faculty.jsx
12:27:49 PM [vite] (client) hmr update /src/pages/semester-management/SemesterManagement.jsx
12:27:49 PM [vite] (client) hmr update /src/components/ExportMenu.jsx
12:27:49 PM [vite] (client) hmr update /src/pages/admin-management/AddCollege.jsx
12:27:49 PM [vite] (client) hmr update /src/pages/admin-management/CollegeInstitutionManagement.jsx
12:27:49 PM [vite] (client) hmr update /src/pages/faculty/Faculty.jsx
12:27:49 PM [vite] (client) hmr update /src/pages/admin-management/AcademicYearManagement.jsx
12:27:49 PM [vite] (client) hmr update /src/pages/admin-management/DepartmentManagement.jsx
12:27:50 PM [vite] (client) hmr update /src/pages/courseManagement/Branch.jsx
12:27:50 PM [vite] (client) hmr update /src/pages/Register.jsx
12:27:50 PM [vite] (client) hmr update /src/pages/courseManagement/Course.jsx
12:27:50 PM [vite] (client) hmr update /src/pages/Login.jsx
12:27:50 PM [vite] (client) hmr update /src/pages/ForgotPassword.jsx
12:27:50 PM [vite] (client) hmr update /src/pages/attendance/Attendance.jsx
12:27:50 PM [vite] (client) hmr update /src/pages/student-management/StudentProfile/StudentProfile.jsx
12:27:50 PM [vite] (client) hmr update /src/pages/results/Results.jsx
12:29:32 PM [vite] (client) hmr update /src/pages/ActivateAccount.jsx
12:29:32 PM [vite] (client) hmr update /src/pages/Dashboard.jsx
12:29:33 PM [vite] (client) hmr update /src/pages/ForgotPassword.jsx
12:29:33 PM [vite] (client) hmr update /src/pages/LandingPage.jsx
12:29:33 PM [vite] (client) hmr update /src/pages/Login.jsx
12:29:33 PM [vite] (client) hmr update /src/pages/MySubjects.jsx
12:29:33 PM [vite] (client) hmr update /src/pages/Register.jsx
12:29:33 PM [vite] (client) hmr update /src/pages/Unauthorized.jsx
12:29:33 PM [vite] (client) hmr update /src/pages/admin-management/AcademicYearManagement.jsx
12:29:33 PM [vite] (client) hmr update /src/pages/attendance/Attendance.jsx
12:29:33 PM [vite] (client) hmr update /src/pages/admin-management/AddCollege.jsx
12:29:33 PM [vite] (client) hmr update /src/pages/admin-management/CollegeInstitutionManagement.jsx
12:29:33 PM [vite] (client) hmr update /src/pages/courseManagement/Branch.jsx
12:29:33 PM [vite] (client) hmr update /src/pages/admin-management/DepartmentManagement.jsx
12:29:33 PM [vite] (client) hmr update /src/pages/faculty/Faculty.jsx
12:29:33 PM [vite] (client) hmr update /src/pages/fees/FeeStructure.jsx
12:29:33 PM [vite] (client) hmr update /src/App.jsx
12:29:33 PM [vite] (client) hmr update /src/pages/profile/MyProfile.jsx
12:29:33 PM [vite] (client) hmr update /src/pages/courseManagement/Course.jsx
12:29:33 PM [vite] (client) hmr update /src/pages/results/Results.jsx
12:29:33 PM [vite] (client) hmr update /src/pages/section-management/SectionManagement.jsx
12:29:33 PM [vite] (client) hmr update /src/pages/profile/Settings.jsx
12:29:33 PM [vite] (client) hmr update /src/pages/semester-management/SemesterManagement.jsx
12:29:33 PM [vite] (client) hmr update /src/pages/student-management/StudentAdmission/StudentAdmission.jsx
12:29:33 PM [vite] (client) hmr update /src/pages/student-management/StudentProfile/StudentProfile.jsx
12:29:33 PM [vite] (client) hmr update /src/pages/student-management/StudentPromotion/StudentPromotion.jsx
12:29:33 PM [vite] (client) hmr update /src/pages/student-management/StudentProfile/StudentProfileEdit.jsx
12:29:33 PM [vite] (client) hmr update /src/pages/student-management/StudentAdmission/StudentAdmission.jsx
12:29:33 PM [vite] (client) hmr update /src/pages/section-management/SectionManagement.jsx
12:29:33 PM [vite] (client) hmr update /src/components/RequestDemo.jsx
12:29:33 PM [vite] (client) hmr update /src/pages/student-management/StudentProfile/StudentProfileEdit.jsx
12:29:33 PM [vite] (client) hmr update /src/pages/student-management/StudentPromotion/StudentPromotion.jsx
12:30:06 PM [vite] (client) hmr update /src/pages/student-management/StudentAdmission/StudentAdmission.jsx
12:31:18 PM [vite] (client) hmr update /src/components/ExportMenu.jsx
12:31:18 PM [vite] (client) hmr update /src/pages/Login.jsx, /src/pages/Register.jsx, /src/pages/ForgotPassword.jsx
12:31:18 PM [vite] (client) hmr update /src/pages/attendance/Attendance.jsx
12:31:18 PM [vite] (client) hmr update /src/components/ExportMenu.jsx
12:31:18 PM [vite] (client) hmr update /src/context/AcademicContext.jsx
12:31:18 PM [vite] (client) hmr update /src/components/DeactivationBlockedDialog.jsx
12:31:18 PM [vite] (client) hmr update /src/layouts/DashboardLayout.jsx
12:31:18 PM [vite] (client) hmr update /src/pages/results/Results.jsx
12:31:18 PM [vite] (client) hmr update /src/pages/results/Results.jsx
12:31:18 PM [vite] (client) hmr update /src/pages/results/Results.jsx
12:31:18 PM [vite] (client) hmr update /src/pages/results/Results.jsx
12:31:18 PM [vite] (client) hmr update /src/pages/results/Results.jsx
12:31:18 PM [vite] (client) hmr update /src/pages/admin-management/DepartmentManagement.jsx
12:31:18 PM [vite] (client) hmr update /src/pages/admin-management/DepartmentManagement.jsx
12:31:18 PM [vite] (client) hmr update /src/pages/admin-management/DepartmentManagement.jsx
12:31:18 PM [vite] (client) hmr update /src/pages/admin-management/DepartmentManagement.jsx
12:31:18 PM [vite] (client) hmr update /src/pages/admin-management/DepartmentManagement.jsx
12:31:18 PM [vite] (client) hmr update /src/components/SearchableSelect.jsx
12:31:18 PM [vite] (client) hmr update /src/pages/attendance/Attendance.jsx
12:31:18 PM [vite] (client) hmr update /src/pages/attendance/Attendance.jsx
12:31:19 PM [vite] (client) hmr update /src/pages/attendance/Attendance.jsx
12:31:19 PM [vite] (client) hmr update /src/pages/attendance/Attendance.jsx
12:31:19 PM [vite] (client) hmr update /src/pages/attendance/Attendance.jsx
12:31:19 PM [vite] (client) hmr update /src/pages/attendance/Attendance.jsx
12:31:19 PM [vite] (client) hmr update /src/pages/student-management/StudentPromotion/StudentPromotion.jsx
12:31:19 PM [vite] (client) hmr update /src/pages/student-management/StudentPromotion/StudentPromotion.jsx
12:31:19 PM [vite] (client) hmr update /src/pages/student-management/StudentPromotion/StudentPromotion.jsx
12:31:19 PM [vite] (client) hmr update /src/pages/student-management/StudentPromotion/StudentPromotion.jsx
12:31:19 PM [vite] (client) hmr update /src/pages/student-management/StudentPromotion/StudentPromotion.jsx
12:31:19 PM [vite] (client) hmr update /src/pages/student-management/StudentPromotion/StudentPromotion.jsx
12:31:19 PM [vite] (client) hmr update /src/pages/student-management/StudentPromotion/StudentPromotion.jsx
12:31:19 PM [vite] (client) hmr update /src/pages/student-management/StudentPromotion/StudentPromotion.jsx
12:31:19 PM [vite] (client) hmr update /src/pages/student-management/StudentPromotion/StudentPromotion.jsx
12:31:19 PM [vite] (client) hmr update /src/pages/courseManagement/Course.jsx
12:31:19 PM [vite] (client) hmr update /src/pages/courseManagement/Course.jsx
12:31:19 PM [vite] (client) hmr update /src/pages/courseManagement/Course.jsx
12:31:20 PM [vite] (client) hmr update /src/pages/courseManagement/Course.jsx
12:31:20 PM [vite] (client) hmr update /src/pages/courseManagement/Course.jsx
12:31:20 PM [vite] (client) hmr update /src/pages/courseManagement/Course.jsx
12:31:20 PM [vite] (client) hmr update /src/pages/courseManagement/Course.jsx
12:31:20 PM [vite] (client) hmr update /src/pages/courseManagement/Course.jsx
12:31:20 PM [vite] (client) hmr update /src/pages/courseManagement/Course.jsx
12:31:20 PM [vite] (client) hmr update /src/pages/courseManagement/Course.jsx
12:31:20 PM [vite] (client) hmr update /src/pages/courseManagement/Course.jsx
12:31:20 PM [vite] (client) hmr update /src/pages/courseManagement/Course.jsx
12:31:20 PM [vite] (client) hmr update /src/pages/courseManagement/Course.jsx
12:31:20 PM [vite] (client) hmr update /src/pages/courseManagement/Course.jsx
12:31:20 PM [vite] (client) hmr update /src/pages/courseManagement/Course.jsx
12:31:20 PM [vite] (client) hmr update /src/pages/courseManagement/Course.jsx
12:31:20 PM [vite] (client) hmr update /src/pages/courseManagement/Course.jsx
12:31:20 PM [vite] (client) hmr update /src/pages/courseManagement/Course.jsx
12:31:21 PM [vite] (client) hmr update /src/pages/courseManagement/Course.jsx
12:31:21 PM [vite] (client) hmr update /src/pages/courseManagement/Course.jsx
12:31:21 PM [vite] (client) hmr update /src/pages/courseManagement/Course.jsx
12:31:21 PM [vite] (client) hmr update /src/pages/courseManagement/Course.jsx
12:31:21 PM [vite] (client) hmr update /src/pages/faculty/Faculty.jsx
12:31:21 PM [vite] (client) hmr update /src/pages/faculty/Faculty.jsx
12:31:21 PM [vite] (client) hmr update /src/pages/faculty/Faculty.jsx
12:31:21 PM [vite] (client) hmr update /src/pages/faculty/Faculty.jsx
12:31:21 PM [vite] (client) hmr update /src/pages/attendance/Attendance.jsx, /src/pages/results/Results.jsx, /src/pages/student-management/StudentPromotion/StudentPromotion.jsx
12:31:21 PM [vite] (client) hmr update /src/pages/profile/Settings.jsx
12:31:21 PM [vite] (client) hmr update /src/pages/student-management/StudentProfile/StudentProfile.jsx
12:31:21 PM [vite] (client) hmr update /src/pages/student-management/StudentProfile/StudentProfile.jsx
12:31:21 PM [vite] (client) hmr update /src/pages/student-management/StudentProfile/StudentProfile.jsx
12:31:21 PM [vite] (client) hmr update /src/pages/student-management/StudentProfile/StudentProfile.jsx
12:31:21 PM [vite] (client) hmr update /src/pages/student-management/StudentProfile/StudentProfile.jsx
12:31:21 PM [vite] (client) hmr update /src/pages/student-management/StudentProfile/StudentProfile.jsx
12:31:21 PM [vite] (client) hmr update /src/pages/student-management/StudentProfile/StudentProfile.jsx
12:31:22 PM [vite] (client) hmr update /src/pages/student-management/StudentProfile/StudentProfile.jsx
12:31:22 PM [vite] (client) hmr update /src/pages/student-management/StudentProfile/StudentProfile.jsx
12:31:22 PM [vite] (client) hmr update /src/pages/student-management/StudentProfile/StudentProfile.jsx
12:31:22 PM [vite] (client) hmr update /src/pages/student-management/StudentProfile/StudentProfile.jsx
12:31:22 PM [vite] (client) hmr update /src/pages/student-management/StudentProfile/StudentProfile.jsx
12:31:22 PM [vite] (client) hmr update /src/pages/student-management/StudentProfile/StudentProfile.jsx
12:31:22 PM [vite] (client) hmr update /src/pages/student-management/StudentProfile/StudentProfile.jsx
12:31:22 PM [vite] (client) hmr update /src/pages/student-management/StudentProfile/StudentProfile.jsx
12:31:22 PM [vite] (client) hmr update /src/pages/student-management/StudentProfile/StudentProfile.jsx
12:31:22 PM [vite] (client) hmr update /src/pages/student-management/StudentProfile/StudentProfile.jsx
12:31:22 PM [vite] (client) hmr update /src/pages/student-management/StudentProfile/StudentProfile.jsx
12:31:22 PM [vite] (client) hmr update /src/pages/student-management/StudentProfile/StudentProfile.jsx
12:31:22 PM [vite] (client) hmr update /src/pages/student-management/StudentProfile/StudentProfile.jsx
12:31:22 PM [vite] (client) hmr update /src/pages/student-management/StudentProfile/StudentProfile.jsx
12:31:22 PM [vite] (client) hmr update /src/pages/student-management/StudentProfile/StudentProfile.jsx
12:31:23 PM [vite] (client) hmr update /src/pages/student-management/StudentProfile/StudentProfile.jsx
12:31:23 PM [vite] (client) hmr update /src/pages/student-management/StudentProfile/StudentProfile.jsx
12:31:23 PM [vite] (client) hmr update /src/pages/student-management/StudentProfile/StudentProfile.jsx
12:31:23 PM [vite] (client) hmr update /src/pages/student-management/StudentProfile/StudentProfile.jsx
12:31:23 PM [vite] (client) hmr update /src/pages/student-management/StudentProfile/StudentProfile.jsx
12:31:23 PM [vite] (client) hmr update /src/pages/student-management/StudentProfile/StudentProfile.jsx
12:31:23 PM [vite] (client) hmr update /src/pages/student-management/StudentProfile/StudentProfile.jsx
12:31:23 PM [vite] (client) hmr update /src/pages/student-management/StudentProfile/StudentProfile.jsx
12:31:23 PM [vite] (client) hmr update /src/pages/student-management/StudentProfile/StudentProfile.jsx
12:31:23 PM [vite] (client) hmr update /src/pages/student-management/StudentProfile/StudentProfile.jsx
12:31:23 PM [vite] (client) hmr update /src/pages/student-management/StudentProfile/StudentProfile.jsx
12:31:23 PM [vite] (client) hmr update /src/pages/student-management/StudentProfile/StudentProfile.jsx
12:31:23 PM [vite] (client) hmr update /src/pages/student-management/StudentProfile/StudentProfile.jsx
12:31:23 PM [vite] (client) hmr update /src/pages/student-management/StudentProfile/StudentProfile.jsx
12:31:23 PM [vite] (client) hmr update /src/pages/student-management/StudentProfile/StudentProfile.jsx
12:31:24 PM [vite] (client) hmr update /src/pages/admin-management/CollegeInstitutionManagement.jsx
12:31:24 PM [vite] (client) hmr update /src/pages/admin-management/CollegeInstitutionManagement.jsx
12:31:24 PM [vite] (client) hmr update /src/pages/admin-management/CollegeInstitutionManagement.jsx
12:31:24 PM [vite] (client) hmr update /src/pages/admin-management/CollegeInstitutionManagement.jsx
12:31:24 PM [vite] (client) hmr update /src/pages/admin-management/CollegeInstitutionManagement.jsx
12:31:24 PM [vite] (client) hmr update /src/pages/admin-management/CollegeInstitutionManagement.jsx
12:31:24 PM [vite] (client) hmr update /src/pages/admin-management/CollegeInstitutionManagement.jsx
12:31:24 PM [vite] (client) hmr update /src/pages/admin-management/CollegeInstitutionManagement.jsx
12:31:24 PM [vite] (client) hmr update /src/pages/admin-management/CollegeInstitutionManagement.jsx
12:31:24 PM [vite] (client) hmr update /src/pages/admin-management/CollegeInstitutionManagement.jsx
12:31:24 PM [vite] (client) hmr update /src/pages/semester-management/SemesterManagement.jsx
12:31:24 PM [vite] (client) hmr update /src/pages/semester-management/SemesterManagement.jsx
12:31:25 PM [vite] (client) hmr update /src/pages/semester-management/SemesterManagement.jsx
12:31:25 PM [vite] (client) hmr update /src/pages/semester-management/SemesterManagement.jsx
12:31:25 PM [vite] (client) hmr update /src/pages/semester-management/SemesterManagement.jsx
12:31:25 PM [vite] (client) hmr update /src/pages/semester-management/SemesterManagement.jsx
12:31:25 PM [vite] (client) hmr update /src/pages/semester-management/SemesterManagement.jsx
12:31:25 PM [vite] (client) hmr update /src/pages/semester-management/SemesterManagement.jsx
12:31:25 PM [vite] (client) hmr update /src/pages/semester-management/SemesterManagement.jsx
12:31:25 PM [vite] (client) hmr update /src/pages/profile/MyProfile.jsx
12:31:25 PM [vite] (client) hmr update /src/pages/profile/MyProfile.jsx
12:31:25 PM [vite] (client) hmr update /src/pages/profile/MyProfile.jsx
12:31:25 PM [vite] (client) hmr update /src/pages/profile/MyProfile.jsx
12:31:25 PM [vite] (client) hmr update /src/pages/courseManagement/Branch.jsx
12:31:25 PM [vite] (client) hmr update /src/pages/courseManagement/Branch.jsx
12:31:25 PM [vite] (client) hmr update /src/pages/courseManagement/Branch.jsx
12:31:25 PM [vite] (client) hmr update /src/pages/courseManagement/Branch.jsx
12:31:25 PM [vite] (client) hmr update /src/pages/courseManagement/Branch.jsx
12:31:26 PM [vite] (client) hmr update /src/pages/courseManagement/Branch.jsx
12:31:26 PM [vite] (client) hmr update /src/pages/courseManagement/Branch.jsx
12:31:26 PM [vite] (client) hmr update /src/pages/courseManagement/Branch.jsx
12:31:26 PM [vite] (client) hmr update /src/pages/courseManagement/Branch.jsx
12:31:26 PM [vite] (client) hmr update /src/pages/courseManagement/Branch.jsx
12:31:26 PM [vite] (client) hmr update /src/pages/Login.jsx
12:31:26 PM [vite] (client) hmr update /src/pages/Login.jsx
12:31:26 PM [vite] (client) hmr update /src/pages/fees/FeeStructure.jsx
12:31:26 PM [vite] (client) hmr update /src/pages/fees/FeeStructure.jsx
12:31:26 PM [vite] (client) hmr update /src/pages/fees/FeeStructure.jsx
12:31:26 PM [vite] (client) hmr update /src/pages/admin-management/AcademicYearManagement.jsx
12:31:26 PM [vite] (client) hmr update /src/pages/admin-management/AcademicYearManagement.jsx
12:31:26 PM [vite] (client) hmr update /src/pages/admin-management/AcademicYearManagement.jsx
12:31:26 PM [vite] (client) hmr update /src/pages/admin-management/AcademicYearManagement.jsx
12:31:26 PM [vite] (client) hmr update /src/pages/admin-management/AcademicYearManagement.jsx
12:31:27 PM [vite] (client) hmr update /src/pages/admin-management/AddCollege.jsx
12:31:27 PM [vite] (client) hmr update /src/pages/admin-management/AddCollege.jsx
12:31:27 PM [vite] (client) hmr update /src/pages/admin-management/AddCollege.jsx
12:31:27 PM [vite] (client) hmr update /src/pages/admin-management/AddCollege.jsx
12:31:27 PM [vite] (client) hmr update /src/pages/admin-management/AddCollege.jsx
12:31:27 PM [vite] (client) hmr update /src/pages/admin-management/AddCollege.jsx
12:31:27 PM [vite] (client) hmr update /src/pages/admin-management/AddCollege.jsx
12:31:27 PM [vite] (client) hmr update /src/pages/admin-management/AddCollege.jsx
12:31:27 PM [vite] (client) hmr update /src/pages/section-management/SectionManagement.jsx
12:31:27 PM [vite] (client) hmr update /src/pages/section-management/SectionManagement.jsx
12:31:27 PM [vite] (client) hmr update /src/pages/section-management/SectionManagement.jsx
12:31:27 PM [vite] (client) hmr update /src/pages/section-management/SectionManagement.jsx
12:31:27 PM [vite] (client) hmr update /src/pages/section-management/SectionManagement.jsx
12:31:27 PM [vite] (client) hmr update /src/pages/section-management/SectionManagement.jsx
12:31:27 PM [vite] (client) hmr update /src/pages/section-management/SectionManagement.jsx
12:31:27 PM [vite] (client) hmr update /src/pages/section-management/SectionManagement.jsx
12:31:28 PM [vite] (client) hmr update /src/pages/section-management/SectionManagement.jsx
12:31:28 PM [vite] (client) hmr update /src/pages/section-management/SectionManagement.jsx
12:31:28 PM [vite] (client) hmr update /src/pages/section-management/SectionManagement.jsx
12:31:28 PM [vite] (client) hmr update /src/pages/section-management/SectionManagement.jsx
12:31:28 PM [vite] (client) hmr update /src/pages/student-management/StudentAdmission/StudentAdmission.jsx
12:31:28 PM [vite] (client) hmr update /src/pages/student-management/StudentAdmission/StudentAdmission.jsx
12:31:28 PM [vite] (client) hmr update /src/pages/student-management/StudentAdmission/StudentAdmission.jsx
12:31:28 PM [vite] (client) hmr update /src/pages/student-management/StudentAdmission/StudentAdmission.jsx
12:31:28 PM [vite] (client) hmr update /src/pages/student-management/StudentAdmission/StudentAdmission.jsx
12:31:28 PM [vite] (client) hmr update /src/pages/student-management/StudentAdmission/StudentAdmission.jsx
12:31:28 PM [vite] (client) hmr update /src/pages/student-management/StudentAdmission/StudentAdmission.jsx
12:31:28 PM [vite] (client) hmr update /src/pages/student-management/StudentAdmission/StudentAdmission.jsx
12:31:28 PM [vite] (client) hmr update /src/pages/student-management/StudentAdmission/StudentAdmission.jsx
12:31:28 PM [vite] (client) hmr update /src/pages/student-management/StudentAdmission/StudentAdmission.jsx
12:31:28 PM [vite] (client) hmr update /src/pages/student-management/StudentAdmission/StudentAdmission.jsx
12:31:29 PM [vite] (client) hmr update /src/pages/student-management/StudentAdmission/StudentAdmission.jsx
12:31:29 PM [vite] (client) hmr update /src/pages/student-management/StudentAdmission/StudentAdmission.jsx
12:31:29 PM [vite] (client) hmr update /src/pages/faculty/Faculty.jsx
12:31:29 PM [vite] (client) hmr update /src/pages/student-management/StudentProfile/StudentProfile.jsx
12:31:44 PM [vite] (client) hmr update /src/pages/faculty/Faculty.jsx
12:31:44 PM [vite] (client) hmr update /src/pages/student-management/StudentPromotion/StudentPromotion.jsx
12:31:44 PM [vite] (client) hmr update /src/pages/attendance/Attendance.jsx
12:31:44 PM [vite] (client) hmr update /src/pages/semester-management/SemesterManagement.jsx
12:31:44 PM [vite] (client) hmr update /src/pages/admin-management/CollegeInstitutionManagement.jsx
12:31:44 PM [vite] (client) hmr update /src/pages/results/Results.jsx
12:31:45 PM [vite] (client) hmr update /src/pages/courseManagement/Course.jsx
12:31:45 PM [vite] (client) hmr update /src/pages/profile/Settings.jsx
12:31:45 PM [vite] (client) hmr update /src/pages/courseManagement/Branch.jsx
12:31:46 PM [vite] (client) hmr update /src/pages/admin-management/AddCollege.jsx
12:31:46 PM [vite] (client) hmr update /src/pages/student-management/StudentAdmission/StudentAdmission.jsx
12:34:42 PM [vite] (client) hmr update /src/pages/fees/FeeStructure.jsx
12:34:42 PM [vite] (client) hmr update /src/pages/student-management/StudentAdmission/StudentAdmission.jsx
12:34:42 PM [vite] (client) hmr update /src/pages/section-management/SectionManagement.jsx
12:34:42 PM [vite] (client) hmr update /src/pages/admin-management/AcademicYearManagement.jsx
12:34:42 PM [vite] (client) hmr update /src/pages/profile/Settings.jsx
12:34:42 PM [vite] (client) hmr update /src/pages/profile/MyProfile.jsx
12:34:45 PM [vite] (client) hmr update /src/pages/student-management/StudentAdmission/StudentAdmission.jsx
12:34:45 PM [vite] (client) hmr update /src/pages/admin-management/AcademicYearManagement.jsx
12:34:45 PM [vite] (client) hmr update /src/pages/profile/Settings.jsx
12:34:45 PM [vite] (client) hmr update /src/pages/fees/FeeStructure.jsx
12:34:45 PM [vite] (client) hmr update /src/pages/profile/MyProfile.jsx
12:34:46 PM [vite] (client) hmr update /src/pages/section-management/SectionManagement.jsx
12:37:11 PM [vite] (client) hmr update /src/pages/Login.jsx
12:37:11 PM [vite] (client) hmr update /src/pages/semester-management/SemesterManagement.jsx
12:37:11 PM [vite] (client) hmr update /src/pages/profile/MyProfile.jsx
12:37:11 PM [vite] (client) hmr update /src/pages/fees/FeeStructure.jsx
12:37:11 PM [vite] (client) hmr update /src/pages/section-management/SectionManagement.jsx
12:37:11 PM [vite] (client) hmr update /src/pages/courseManagement/Branch.jsx
12:37:11 PM [vite] (client) hmr update /src/pages/student-management/StudentAdmission/StudentAdmission.jsx
12:37:11 PM [vite] (client) hmr update /src/pages/admin-management/AddCollege.jsx
12:37:11 PM [vite] (client) hmr update /src/pages/Login.jsx
12:37:11 PM [vite] (client) hmr update /src/pages/student-management/StudentPromotion/StudentPromotion.jsx
12:37:11 PM [vite] (client) hmr update /src/pages/Login.jsx
12:37:11 PM [vite] (client) hmr update /src/pages/results/Results.jsx
12:37:11 PM [vite] (client) hmr update /src/pages/admin-management/AcademicYearManagement.jsx
12:37:12 PM [vite] (client) hmr update /src/components/ExportMenu.jsx
12:37:12 PM [vite] (client) hmr update /src/components/RequestDemo.jsx
12:37:12 PM [vite] (client) hmr update /src/layouts/DashboardLayout.jsx
12:37:12 PM [vite] (client) page reload src/main.jsx
12:37:12 PM [vite] (client) hmr update /src/pages/ForgotPassword.jsx
12:37:12 PM [vite] (client) hmr update /src/pages/Login.jsx
12:37:12 PM [vite] (client) hmr update /src/pages/Register.jsx
12:37:12 PM [vite] (client) hmr update /src/pages/admin-management/AcademicYearManagement.jsx
12:37:12 PM [vite] (client) hmr update /src/pages/admin-management/AddCollege.jsx
12:37:12 PM [vite] (client) hmr update /src/pages/admin-management/CollegeInstitutionManagement.jsx
12:37:12 PM [vite] (client) hmr update /src/pages/admin-management/DepartmentManagement.jsx
12:37:13 PM [vite] (client) hmr update /src/pages/attendance/Attendance.jsx
12:37:13 PM [vite] (client) hmr update /src/pages/courseManagement/Branch.jsx
12:37:13 PM [vite] (client) hmr update /src/pages/courseManagement/Course.jsx
12:37:13 PM [vite] (client) hmr update /src/pages/faculty/Faculty.jsx
12:37:13 PM [vite] (client) hmr update /src/pages/fees/FeeStructure.jsx
12:37:13 PM [vite] (client) hmr update /src/pages/profile/MyProfile.jsx
12:37:13 PM [vite] (client) hmr update /src/pages/profile/Settings.jsx
12:37:13 PM [vite] (client) hmr update /src/pages/results/Results.jsx
12:37:13 PM [vite] (client) hmr update /src/pages/section-management/SectionManagement.jsx
12:37:13 PM [vite] (client) hmr update /src/pages/semester-management/SemesterManagement.jsx
12:37:13 PM [vite] (client) hmr update /src/pages/student-management/StudentAdmission/StudentAdmission.jsx
12:37:13 PM [vite] (client) hmr update /src/pages/student-management/StudentProfile/StudentProfile.jsx
12:37:13 PM [vite] (client) hmr update /src/pages/student-management/StudentProfile/StudentProfileEdit.jsx
12:37:13 PM [vite] (client) hmr update /src/pages/student-management/StudentPromotion/StudentPromotion.jsx
12:38:33 PM [vite] (client) hmr update /src/pages/section-management/SectionManagement.jsx
12:38:36 PM [vite] (client) hmr update /src/pages/section-management/SectionManagement.jsx
12:43:01 PM [vite] (client) hmr update /src/components/ExportMenu.jsx
12:43:01 PM [vite] (client) hmr update /src/components/ExportMenu.jsx
12:43:02 PM [vite] (client) hmr update /src/components/ExportMenu.jsx
12:43:06 PM [vite] (client) hmr update /src/components/ExportMenu.jsx
12:43:08 PM [vite] (client) hmr update /src/components/ExportMenu.jsx
12:44:32 PM [vite] (client) hmr update /src/pages/admin-management/CollegeInstitutionManagement.jsx
12:44:32 PM [vite] (client) hmr update /src/pages/admin-management/AcademicYearManagement.jsx
12:44:32 PM [vite] (client) hmr update /src/pages/admin-management/DepartmentManagement.jsx
12:44:32 PM [vite] (client) hmr update /src/pages/courseManagement/Course.jsx
12:44:32 PM [vite] (client) hmr update /src/pages/semester-management/SemesterManagement.jsx
12:44:32 PM [vite] (client) hmr update /src/pages/section-management/SectionManagement.jsx
12:44:32 PM [vite] (client) hmr update /src/pages/courseManagement/Branch.jsx
12:44:32 PM [vite] (client) hmr update /src/pages/student-management/StudentProfile/StudentProfile.jsx
12:44:32 PM [vite] (client) hmr update /src/components/ViewDialog.jsx
12:44:32 PM [vite] (client) hmr update /src/pages/attendance/Attendance.jsx
12:44:32 PM [vite] (client) hmr update /src/pages/results/Results.jsx
12:44:32 PM [vite] (client) hmr update /src/pages/section-management/SectionManagement.jsx
12:44:32 PM [vite] (client) hmr update /src/pages/faculty/Faculty.jsx
12:44:32 PM [vite] (client) hmr update /src/pages/profile/MyProfile.jsx
12:44:32 PM [vite] (client) hmr update /src/pages/student-management/StudentProfile/StudentProfile.jsx
12:44:32 PM [vite] (client) hmr update /src/components/ViewDialog.jsx
12:44:32 PM [vite] (client) hmr update /src/components/ViewDialog.css
12:44:32 PM [vite] (client) hmr update /src/pages/results/Results.jsx
12:44:32 PM [vite] (client) hmr update /src/pages/profile/MyProfile.jsx
12:46:30 PM [vite] (client) hmr update /src/pages/student-management/StudentAdmission/StudentAdmission.jsx
12:46:30 PM [vite] (client) hmr update /src/pages/student-management/StudentPromotion/StudentPromotion.jsx
12:46:30 PM [vite] (client) hmr update /src/pages/fees/FeeStructure.jsx
12:46:31 PM [vite] (client) hmr update /src/pages/section-management/SectionManagement.jsx
1:03:05 PM [vite] (client) hmr update /src/pages/courseManagement/Course.jsx
1:03:05 PM [vite] (client) hmr update /src/pages/courseManagement/Course.jsx
1:03:05 PM [vite] (client) hmr update /src/pages/admin-management/AddCollege.jsx
1:03:05 PM [vite] (client) hmr update /src/pages/courseManagement/Course.jsx
1:03:05 PM [vite] (client) hmr update /src/pages/admin-management/AddCollege.jsx
1:03:05 PM [vite] (client) hmr update /src/pages/admin-management/CollegeInstitutionManagement.jsx
1:03:05 PM [vite] (client) hmr update /src/pages/admin-management/CollegeInstitutionManagement.jsx
1:03:05 PM [vite] (client) hmr update /src/pages/admin-management/DepartmentManagement.jsx
1:03:06 PM [vite] (client) hmr update /src/pages/admin-management/DepartmentManagement.jsx
1:03:06 PM [vite] (client) hmr update /src/pages/admin-management/DepartmentManagement.jsx
1:03:06 PM [vite] (client) hmr update /src/pages/admin-management/DepartmentManagement.jsx
1:03:06 PM [vite] (client) hmr update /src/pages/admin-management/DepartmentManagement.jsx
1:03:06 PM [vite] (client) hmr update /src/pages/admin-management/DepartmentManagement.jsx
1:03:06 PM [vite] (client) hmr update /src/pages/admin-management/DepartmentManagement.jsx
1:03:06 PM [vite] (client) hmr update /src/pages/admin-management/DepartmentManagement.jsx
1:03:06 PM [vite] (client) hmr update /src/pages/admin-management/DepartmentManagement.jsx
1:03:06 PM [vite] (client) hmr update /src/pages/admin-management/DepartmentManagement.jsx
1:03:06 PM [vite] (client) hmr update /src/pages/admin-management/AcademicYearManagement.jsx
1:03:06 PM [vite] (client) hmr update /src/pages/admin-management/AcademicYearManagement.jsx
1:03:06 PM [vite] (client) hmr update /src/pages/admin-management/AcademicYearManagement.jsx
1:03:06 PM [vite] (client) hmr update /src/pages/admin-management/AcademicYearManagement.jsx
1:03:07 PM [vite] (client) hmr update /src/pages/admin-management/AcademicYearManagement.jsx
1:03:07 PM [vite] (client) hmr update /src/pages/courseManagement/Branch.jsx
1:03:07 PM [vite] (client) hmr update /src/pages/courseManagement/Branch.jsx
1:03:07 PM [vite] (client) hmr update /src/pages/section-management/SectionManagement.jsx
1:03:07 PM [vite] (client) hmr update /src/pages/section-management/SectionManagement.jsx
1:03:07 PM [vite] (client) hmr update /src/pages/section-management/SectionManagement.jsx
1:03:07 PM [vite] (client) hmr update /src/pages/section-management/SectionManagement.jsx
1:03:07 PM [vite] (client) hmr update /src/pages/section-management/SectionManagement.jsx
1:03:08 PM [vite] (client) hmr update /src/pages/section-management/SectionManagement.jsx
1:03:08 PM [vite] (client) hmr update /src/pages/semester-management/SemesterManagement.jsx
1:03:08 PM [vite] (client) hmr update /src/pages/semester-management/SemesterManagement.jsx
1:03:08 PM [vite] (client) hmr update /src/pages/semester-management/SemesterManagement.jsx
1:03:08 PM [vite] (client) hmr update /src/pages/semester-management/SemesterManagement.jsx
1:03:08 PM [vite] (client) hmr update /src/pages/semester-management/SemesterManagement.jsx
1:03:08 PM [vite] (client) hmr update /src/pages/student-management/StudentAdmission/StudentAdmission.jsx
1:03:08 PM [vite] (client) hmr update /src/pages/student-management/StudentAdmission/StudentAdmission.jsx
1:03:08 PM [vite] (client) hmr update /src/pages/student-management/StudentAdmission/StudentAdmission.jsx
1:03:08 PM [vite] (client) hmr update /src/pages/student-management/StudentAdmission/StudentAdmission.jsx
1:03:08 PM [vite] (client) hmr update /src/pages/student-management/StudentAdmission/StudentAdmission.jsx
2:02:49 PM [vite] (client) hmr update /src/components/SearchableSelect.jsx
2:02:50 PM [vite] (client) hmr update /src/components/SearchableSelect.css
2:02:50 PM [vite] (client) hmr update /src/components/SearchableSelect.jsx
2:02:52 PM [vite] (client) hmr update /src/components/SearchableSelect.jsx
2:02:52 PM [vite] (client) hmr update /src/components/SearchableSelect.css
2:05:48 PM [vite] (client) hmr update /src/pages/admin-management/AcademicYearManagement.jsx
2:05:48 PM [vite] (client) hmr update /src/pages/admin-management/AcademicYearManagement.jsx
2:05:48 PM [vite] (client) hmr update /src/pages/courseManagement/Branch.jsx
2:05:56 PM [vite] (client) hmr update /src/pages/courseManagement/Branch.jsx
2:05:57 PM [vite] (client) hmr update /src/pages/admin-management/AcademicYearManagement.jsx
2:06:26 PM [vite] (client) hmr update /src/pages/admin-management/AddCollege.jsx
2:06:26 PM [vite] (client) hmr update /src/pages/admin-management/DepartmentManagement.jsx
2:06:29 PM [vite] (client) hmr update /src/pages/admin-management/DepartmentManagement.jsx
2:06:29 PM [vite] (client) hmr update /src/pages/admin-management/AddCollege.jsx
2:08:39 PM [vite] (client) hmr update /src/components/SearchableSelect.jsx
2:08:40 PM [vite] (client) hmr update /src/pages/semester-management/SemesterManagement.jsx
2:08:40 PM [vite] (client) hmr update /src/components/SearchableSelect.jsx
2:08:40 PM [vite] (client) hmr update /src/pages/admin-management/CollegeInstitutionManagement.jsx
2:08:40 PM [vite] (client) hmr update /src/pages/semester-management/SemesterManagement.jsx
2:08:40 PM [vite] (client) hmr update /src/pages/student-management/StudentAdmission/StudentAdmission.jsx
2:08:40 PM [vite] (client) hmr update /src/pages/admin-management/CollegeInstitutionManagement.jsx
2:08:42 PM [vite] (client) hmr update /src/components/SearchableSelect.jsx
2:08:42 PM [vite] (client) hmr update /src/pages/student-management/StudentAdmission/StudentAdmission.jsx
2:08:42 PM [vite] (client) hmr update /src/pages/admin-management/CollegeInstitutionManagement.jsx
2:08:42 PM [vite] (client) hmr update /src/pages/semester-management/SemesterManagement.jsx
2:10:12 PM [vite] (client) hmr update /src/components/SearchableSelect.jsx
2:10:14 PM [vite] (client) hmr update /src/components/SearchableSelect.jsx
2:27:03 PM [vite] (client) hmr update /src/pages/student-management/StudentProfile/StudentProfile.jsx
2:27:03 PM [vite] (client) hmr update /src/pages/student-management/StudentProfile/StudentProfile.jsx
2:30:47 PM [vite] (client) hmr update /src/pages/student-management/StudentProfile/StudentProfile.jsx
2:30:47 PM [vite] (client) hmr update /src/pages/student-management/StudentProfile/StudentProfile.jsx
